==============================================================================
Tests                                                                         
==============================================================================
Tests.testDemo                                                                
==============================================================================
Tests.testDemo.testDemo1 :: To validate the Login form                        
==============================================================================
Validate Unsuccessful Login                                           | PASS |
------------------------------------------------------------------------------
Tests.testDemo.testDemo1 :: To validate the Login form                | PASS |
1 test, 1 passed, 0 failed
==============================================================================
Tests.testDemo                                                        | PASS |
1 test, 1 passed, 0 failed
==============================================================================
Tests                                                                 | PASS |
1 test, 1 passed, 0 failed
==============================================================================
Output:  C:\Users\Sabir\PythonProjects\RobotFramework\tests\pabot_results\1\output.xml
