==============================================================================
Tests                                                                         
==============================================================================
Tests.EndToEndECommerce :: To validate the Login form                         
==============================================================================
Validate Unsuccessful Login                                           | PASS |
------------------------------------------------------------------------------
Validate Cards display in the Shopping Page                           | PASS |
------------------------------------------------------------------------------
Validate Add product to Cart                                          | PASS |
------------------------------------------------------------------------------
Confirm order Validation                                              | PASS |
------------------------------------------------------------------------------
Validate Order details                                                | PASS |
------------------------------------------------------------------------------
Tests.EndToEndECommerce :: To validate the Login form                 | PASS |
5 tests, 5 passed, 0 failed
==============================================================================
Tests                                                                 | PASS |
5 tests, 5 passed, 0 failed
==============================================================================
Output:  C:\Users\Sabir\PythonProjects\RobotFramework\tests\pabot_results\0\output.xml
