==============================================================================
Tests                                                                         
==============================================================================
Tests.testDemo                                                                
==============================================================================
Tests.testDemo.testDemo2 :: To validate the Login form                        
==============================================================================
Validate Unsuccessful Login                                           | PASS |
------------------------------------------------------------------------------
Validate Cards display in the Shopping Page                           | PASS |
------------------------------------------------------------------------------
Select the Form and navigate to Child window                          | PASS |
------------------------------------------------------------------------------
Tests.testDemo.testDemo2 :: To validate the Login form                | PASS |
3 tests, 3 passed, 0 failed
==============================================================================
Tests.testDemo                                                        | PASS |
3 tests, 3 passed, 0 failed
==============================================================================
Tests                                                                 | PASS |
3 tests, 3 passed, 0 failed
==============================================================================
Output:  C:\Users\Sabir\PythonProjects\RobotFramework\tests\pabot_results\2\output.xml
