==============================================================================
Tests                                                                         
==============================================================================
Tests.testDemo                                                                
==============================================================================
Tests.testDemo.testDemo5 :: To validate the Login form                        
==============================================================================
Invalid username                                                      | PASS |
------------------------------------------------------------------------------
Invalid password                                                      | PASS |
------------------------------------------------------------------------------
Special Character                                                     | PASS |
------------------------------------------------------------------------------
Tests.testDemo.testDemo5 :: To validate the Login form                | PASS |
3 tests, 3 passed, 0 failed
==============================================================================
Tests.testDemo                                                        | PASS |
3 tests, 3 passed, 0 failed
==============================================================================
Tests                                                                 | PASS |
3 tests, 3 passed, 0 failed
==============================================================================
Output:  C:\Users\Sabir\PythonProjects\RobotFramework\tests\pabot_results\5\output.xml
